
Discarded input sections

 .comment       0x0000000000000000       0x2f build/framebuffer.o
 .comment       0x0000000000000000       0x2f build/main.o
 .comment       0x0000000000000000       0x2f build/mbox.o
 .comment       0x0000000000000000       0x2f build/snes_controller.o
 .comment       0x0000000000000000       0x2f build/ssp.o
 .comment       0x0000000000000000       0x2f build/uart.o

Memory Configuration

Name             Origin             Length             Attributes
*default*        0x0000000000000000 0xffffffffffffffff

Linker script and memory map

LOAD build/start.o
LOAD build/framebuffer.o
LOAD build/main.o
LOAD build/mbox.o
LOAD build/snes_controller.o
LOAD build/ssp.o
LOAD build/uart.o
                0x0000000000080000                . = 0x80000

.text           0x0000000000080000     0x1c5c
 *(.text.boot)
 .text.boot     0x0000000000080000       0x50 build/start.o
                0x0000000000080000                _start
 *(.text .text.* .gnu.linkonce.t*)
 .text          0x0000000000080050        0x0 build/start.o
 .text          0x0000000000080050      0x5d4 build/framebuffer.o
                0x0000000000080050                init_framebuffer
                0x0000000000080354                drawPixel
                0x00000000000803b0                fillScreen
                0x0000000000080434                drawRect
                0x0000000000080524                drawImage
 .text          0x0000000000080624      0xf1c build/main.o
                0x0000000000080624                myPrintf
                0x0000000000080690                srand
                0x00000000000806b4                rand
                0x0000000000080710                init_random
                0x0000000000080734                displayMenu
                0x00000000000807e4                menuLoop
                0x0000000000080910                displayPauseMenu
                0x00000000000809b0                get_random_position
                0x0000000000080a04                drawApple
                0x0000000000080a4c                init_apples
                0x0000000000080bbc                check_collision
                0x0000000000080c4c                has_made_contact_with_apple
                0x0000000000080dac                init_walls
                0x0000000000080e54                drawWall
                0x0000000000080e98                has_hit_wall
                0x0000000000080f70                main
 .text          0x0000000000081540       0xac build/mbox.o
                0x0000000000081540                mbox_call
 .text          0x00000000000815ec      0x348 build/snes_controller.o
                0x0000000000081814                SNES_Init
                0x0000000000081850                SNES_ReadButtons
                0x00000000000818e8                SNES_IsButtonPressed
 .text          0x0000000000081934       0x1c build/ssp.o
                0x0000000000081934                __stack_chk_fail
 .text          0x0000000000081950      0x30c build/uart.o
                0x0000000000081950                spin_for_cycles
                0x0000000000081984                uart_init
                0x0000000000081af0                uart_send
                0x0000000000081b30                uart_getc
                0x0000000000081b80                uart_puts
                0x0000000000081bdc                uart_hex

.iplt           0x0000000000081c5c        0x0
 .iplt          0x0000000000081c5c        0x0 build/start.o

.rodata         0x0000000000081c60    0x8c872
 *(.rodata .rodata.* .gnu.linkonce.r*)
 .rodata        0x0000000000081c60    0x8c83d build/main.o
 *fill*         0x000000000010e49d        0x3 
 .rodata        0x000000000010e4a0        0xc build/snes_controller.o
 *fill*         0x000000000010e4ac        0x4 
 .rodata        0x000000000010e4b0       0x22 build/ssp.o
                [!provide]                        PROVIDE (_data = .)

.rela.dyn       0x000000000010e4d8        0x0
 .rela.iplt     0x000000000010e4d8        0x0 build/start.o
 .rela.text.boot
                0x000000000010e4d8        0x0 build/start.o

.data           0x000000000010e4d4        0xc
 *(.data .data.* .gnu.linkonce.d*)
 .data          0x000000000010e4d4        0x0 build/start.o
 .data          0x000000000010e4d4        0x0 build/framebuffer.o
 .data          0x000000000010e4d4        0xc build/main.o
                0x000000000010e4d4                movementStepSize
                0x000000000010e4d8                lives
                0x000000000010e4dc                appleSize
 .data          0x000000000010e4e0        0x0 build/mbox.o
 .data          0x000000000010e4e0        0x0 build/snes_controller.o
 .data          0x000000000010e4e0        0x0 build/ssp.o
 .data          0x000000000010e4e0        0x0 build/uart.o

.igot.plt       0x000000000010e4e0        0x0
 .igot.plt      0x000000000010e4e0        0x0 build/start.o

.bss            0x000000000010e4e0      0x150
                0x000000000010e4e0                . = ALIGN (0x10)
                0x000000000010e4e0                __bss_start = .
 *(.bss .bss.*)
 .bss           0x000000000010e4e0        0x0 build/start.o
 .bss           0x000000000010e4e0       0x18 build/framebuffer.o
                0x000000000010e4e0                width
                0x000000000010e4e4                height
                0x000000000010e4e8                pitch
                0x000000000010e4f0                framebuffer
 .bss           0x000000000010e4f8       0x60 build/main.o
                0x000000000010e4f8                currentMenuSelection
                0x000000000010e4fc                score
                0x000000000010e500                gameStateUpdate
                0x000000000010e501                inPauseMenu
                0x000000000010e502                buttonStartPressedPreviously
                0x000000000010e508                wall1
                0x000000000010e510                wall2
                0x000000000010e518                wall3
                0x000000000010e520                wall4
                0x000000000010e528                lcg_seed
                0x000000000010e530                apple1
                0x000000000010e538                apple2
                0x000000000010e540                apple3
                0x000000000010e548                apple4
                0x000000000010e550                apple5
 *fill*         0x000000000010e558        0x8 
 .bss           0x000000000010e560       0x90 build/mbox.o
                0x000000000010e560                mbox
 .bss           0x000000000010e5f0       0x40 build/snes_controller.o
 .bss           0x000000000010e630        0x0 build/ssp.o
 .bss           0x000000000010e630        0x0 build/uart.o
 *(COMMON)
                0x000000000010e630                __bss_end = .
                0x000000000010e630                _end = .

/DISCARD/
 *(.comment)
 *(.gnu*)
 *(.note*)
 *(.eh_frame*)
                0x000000000000002a                __bss_size = ((__bss_end - __bss_start) >> 0x3)
OUTPUT(kernel8.elf elf64-littleaarch64)
LOAD linker stubs

.debug_info     0x0000000000000000     0x162b
 .debug_info    0x0000000000000000      0x347 build/framebuffer.o
 .debug_info    0x0000000000000347      0xdff build/main.o
 .debug_info    0x0000000000001146       0xba build/mbox.o
 .debug_info    0x0000000000001200      0x21a build/snes_controller.o
 .debug_info    0x000000000000141a       0x68 build/ssp.o
 .debug_info    0x0000000000001482      0x1a9 build/uart.o

.debug_abbrev   0x0000000000000000      0x70d
 .debug_abbrev  0x0000000000000000      0x132 build/framebuffer.o
 .debug_abbrev  0x0000000000000132      0x28b build/main.o
 .debug_abbrev  0x00000000000003bd       0x98 build/mbox.o
 .debug_abbrev  0x0000000000000455      0x132 build/snes_controller.o
 .debug_abbrev  0x0000000000000587       0x60 build/ssp.o
 .debug_abbrev  0x00000000000005e7      0x126 build/uart.o

.debug_aranges  0x0000000000000000      0x120
 .debug_aranges
                0x0000000000000000       0x30 build/framebuffer.o
 .debug_aranges
                0x0000000000000030       0x30 build/main.o
 .debug_aranges
                0x0000000000000060       0x30 build/mbox.o
 .debug_aranges
                0x0000000000000090       0x30 build/snes_controller.o
 .debug_aranges
                0x00000000000000c0       0x30 build/ssp.o
 .debug_aranges
                0x00000000000000f0       0x30 build/uart.o

.debug_line     0x0000000000000000      0xab4
 .debug_line    0x0000000000000000      0x1e6 build/framebuffer.o
 .debug_line    0x00000000000001e6      0x51d build/main.o
 .debug_line    0x0000000000000703       0x9b build/mbox.o
 .debug_line    0x000000000000079e      0x141 build/snes_controller.o
 .debug_line    0x00000000000008df       0x5c build/ssp.o
 .debug_line    0x000000000000093b      0x179 build/uart.o

.debug_str      0x0000000000000000      0x54f
 .debug_str     0x0000000000000000       0xde build/framebuffer.o
                                        0x10f (size before relaxing)
 .debug_str     0x00000000000000de      0x3f7 build/main.o
                                        0x4e5 (size before relaxing)
 .debug_str     0x00000000000004d5       0x7e build/mbox.o
 .debug_str     0x00000000000004d5       0x3c build/snes_controller.o
                                         0xdf (size before relaxing)
 .debug_str     0x0000000000000511       0x11 build/ssp.o
                                         0x62 (size before relaxing)
 .debug_str     0x0000000000000522       0x2d build/uart.o
                                         0xc4 (size before relaxing)

.debug_line_str
                0x0000000000000000      0x20c
 .debug_line_str
                0x0000000000000000       0x5b build/framebuffer.o
                                         0xaf (size before relaxing)
 .debug_line_str
                0x000000000000005b      0x16f build/main.o
                                        0x1f4 (size before relaxing)
 .debug_line_str
                0x00000000000001ca        0xe build/mbox.o
                                         0x93 (size before relaxing)
 .debug_line_str
                0x00000000000001d8       0x19 build/snes_controller.o
                                         0xb4 (size before relaxing)
 .debug_line_str
                0x00000000000001f1        0xd build/ssp.o
                                         0x97 (size before relaxing)
 .debug_line_str
                0x00000000000001fe        0xe build/uart.o
                                         0x9a (size before relaxing)

.debug_frame    0x0000000000000000      0x5d0
 .debug_frame   0x0000000000000000       0xd0 build/framebuffer.o
 .debug_frame   0x00000000000000d0      0x290 build/main.o
 .debug_frame   0x0000000000000360       0x30 build/mbox.o
 .debug_frame   0x0000000000000390      0x120 build/snes_controller.o
 .debug_frame   0x00000000000004b0       0x30 build/ssp.o
 .debug_frame   0x00000000000004e0       0xf0 build/uart.o
